"ID","Title","Count"
"1","First V3",""
"4","Fourth",""
"2","Second V3","6"
"3","Third V3","5"
"5","Fifth",""
